Traceback (most recent call last):
  File "/Library/Frameworks/Python.framework/Versions/3.11/lib/python3.11/site-packages/jupyter_cache/executors/utils.py", line 58, in single_nb_execution
    executenb(
  File "/Library/Frameworks/Python.framework/Versions/3.11/lib/python3.11/site-packages/nbclient/client.py", line 1314, in execute
    return NotebookClient(nb=nb, resources=resources, km=km, **kwargs).execute()
           ^^^^^^^^^^^^^^^^^^^^^^^^^^^^^^^^^^^^^^^^^^^^^^^^^^^^^^^^^^^^^^^^^^^^^
  File "/Library/Frameworks/Python.framework/Versions/3.11/lib/python3.11/site-packages/jupyter_core/utils/__init__.py", line 165, in wrapped
    return loop.run_until_complete(inner)
           ^^^^^^^^^^^^^^^^^^^^^^^^^^^^^^
  File "/Library/Frameworks/Python.framework/Versions/3.11/lib/python3.11/asyncio/base_events.py", line 650, in run_until_complete
    return future.result()
           ^^^^^^^^^^^^^^^
  File "/Library/Frameworks/Python.framework/Versions/3.11/lib/python3.11/contextlib.py", line 222, in __aexit__
    await self.gen.athrow(typ, value, traceback)
  File "/Library/Frameworks/Python.framework/Versions/3.11/lib/python3.11/site-packages/nbclient/client.py", line 654, in async_setup_kernel
    yield
  File "/Library/Frameworks/Python.framework/Versions/3.11/lib/python3.11/site-packages/nbclient/client.py", line 709, in async_execute
    await self.async_execute_cell(
  File "/Library/Frameworks/Python.framework/Versions/3.11/lib/python3.11/site-packages/nbclient/client.py", line 1062, in async_execute_cell
    await self._check_raise_for_error(cell, cell_index, exec_reply)
  File "/Library/Frameworks/Python.framework/Versions/3.11/lib/python3.11/site-packages/nbclient/client.py", line 918, in _check_raise_for_error
    raise CellExecutionError.from_cell_and_msg(cell, exec_reply_content)
nbclient.exceptions.CellExecutionError: An error occurred while executing the following cell:
------------------
# Subsetting: Elemento específico
print("Elemento específico", df_mul.loc[('row2', 'row2_1'), ('Group_B', 'X')], sep='\n', end='\n'*2)

# Slicing
print("Slicing", df_mul.loc[('row1'):('row2'), :], sep='\n', end='\n'*2)

# Fancy indexing
print("Fancy indexing", df_mul.loc[(['row1', 'row3']), (['Group_A'])], sep='\n', end='\n'*2)

# Niveles internos
print("Todas las X", df_mul.loc[:, pd.IndexSlice[:, 'X']])
------------------


[0;31m---------------------------------------------------------------------------[0m
[0;31mKeyError[0m                                  Traceback (most recent call last)
File [0;32m/Library/Frameworks/Python.framework/Versions/3.11/lib/python3.11/site-packages/pandas/core/indexes/base.py:3802[0m, in [0;36mIndex.get_loc[0;34m(self, key)[0m
[1;32m   3801[0m [38;5;28;01mtry[39;00m:
[0;32m-> 3802[0m     [38;5;28;01mreturn[39;00m [38;5;28;43mself[39;49m[38;5;241;43m.[39;49m[43m_engine[49m[38;5;241;43m.[39;49m[43mget_loc[49m[43m([49m[43mcasted_key[49m[43m)[49m
[1;32m   3803[0m [38;5;28;01mexcept[39;00m [38;5;167;01mKeyError[39;00m [38;5;28;01mas[39;00m err:

File [0;32mindex.pyx:153[0m, in [0;36mpandas._libs.index.IndexEngine.get_loc[0;34m()[0m

File [0;32mindex.pyx:182[0m, in [0;36mpandas._libs.index.IndexEngine.get_loc[0;34m()[0m

File [0;32mpandas/_libs/hashtable_class_helper.pxi:7081[0m, in [0;36mpandas._libs.hashtable.PyObjectHashTable.get_item[0;34m()[0m

File [0;32mpandas/_libs/hashtable_class_helper.pxi:7089[0m, in [0;36mpandas._libs.hashtable.PyObjectHashTable.get_item[0;34m()[0m

[0;31mKeyError[0m: 'row2_1'

The above exception was the direct cause of the following exception:

[0;31mKeyError[0m                                  Traceback (most recent call last)
File [0;32mindex.pyx:763[0m, in [0;36mpandas._libs.index.BaseMultiIndexCodesEngine.get_loc[0;34m()[0m

File [0;32m/Library/Frameworks/Python.framework/Versions/3.11/lib/python3.11/site-packages/pandas/core/indexes/base.py:3809[0m, in [0;36mIndex.get_loc[0;34m(self, key)[0m
[1;32m   3808[0m         [38;5;28;01mraise[39;00m InvalidIndexError(key)
[0;32m-> 3809[0m     [38;5;28;01mraise[39;00m [38;5;167;01mKeyError[39;00m(key) [38;5;28;01mfrom[39;00m [38;5;21;01merr[39;00m
[1;32m   3810[0m [38;5;28;01mexcept[39;00m [38;5;167;01mTypeError[39;00m:
[1;32m   3811[0m     [38;5;66;03m# If we have a listlike key, _check_indexing_error will raise[39;00m
[1;32m   3812[0m     [38;5;66;03m#  InvalidIndexError. Otherwise we fall through and re-raise[39;00m
[1;32m   3813[0m     [38;5;66;03m#  the TypeError.[39;00m

[0;31mKeyError[0m: 'row2_1'

During handling of the above exception, another exception occurred:

[0;31mKeyError[0m                                  Traceback (most recent call last)
File [0;32m/Library/Frameworks/Python.framework/Versions/3.11/lib/python3.11/site-packages/pandas/core/indexes/multi.py:3220[0m, in [0;36mMultiIndex._get_loc_level[0;34m(self, key, level)[0m
[1;32m   3219[0m [38;5;28;01mtry[39;00m:
[0;32m-> 3220[0m     [38;5;28;01mreturn[39;00m ([38;5;28;43mself[39;49m[38;5;241;43m.[39;49m[43m_engine[49m[38;5;241;43m.[39;49m[43mget_loc[49m[43m([49m[43mkey[49m[43m)[49m, [38;5;28;01mNone[39;00m)
[1;32m   3221[0m [38;5;28;01mexcept[39;00m [38;5;167;01mKeyError[39;00m [38;5;28;01mas[39;00m err:

File [0;32mindex.pyx:766[0m, in [0;36mpandas._libs.index.BaseMultiIndexCodesEngine.get_loc[0;34m()[0m

[0;31mKeyError[0m: ('row2', 'row2_1')

The above exception was the direct cause of the following exception:

[0;31mKeyError[0m                                  Traceback (most recent call last)
Cell [0;32mIn[8], line 2[0m
[1;32m      1[0m [38;5;66;03m# Subsetting: Elemento específico[39;00m
[0;32m----> 2[0m [38;5;28mprint[39m([38;5;124m"[39m[38;5;124mElemento específico[39m[38;5;124m"[39m, [43mdf_mul[49m[38;5;241;43m.[39;49m[43mloc[49m[43m[[49m[43m([49m[38;5;124;43m'[39;49m[38;5;124;43mrow2[39;49m[38;5;124;43m'[39;49m[43m,[49m[43m [49m[38;5;124;43m'[39;49m[38;5;124;43mrow2_1[39;49m[38;5;124;43m'[39;49m[43m)[49m[43m,[49m[43m [49m[43m([49m[38;5;124;43m'[39;49m[38;5;124;43mGroup_B[39;49m[38;5;124;43m'[39;49m[43m,[49m[43m [49m[38;5;124;43m'[39;49m[38;5;124;43mX[39;49m[38;5;124;43m'[39;49m[43m)[49m[43m][49m, sep[38;5;241m=[39m[38;5;124m'[39m[38;5;130;01m\n[39;00m[38;5;124m'[39m, end[38;5;241m=[39m[38;5;124m'[39m[38;5;130;01m\n[39;00m[38;5;124m'[39m[38;5;241m*[39m[38;5;241m2[39m)
[1;32m      4[0m [38;5;66;03m# Slicing[39;00m
[1;32m      5[0m [38;5;28mprint[39m([38;5;124m"[39m[38;5;124mSlicing[39m[38;5;124m"[39m, df_mul[38;5;241m.[39mloc[([38;5;124m'[39m[38;5;124mrow1[39m[38;5;124m'[39m):([38;5;124m'[39m[38;5;124mrow2[39m[38;5;124m'[39m), :], sep[38;5;241m=[39m[38;5;124m'[39m[38;5;130;01m\n[39;00m[38;5;124m'[39m, end[38;5;241m=[39m[38;5;124m'[39m[38;5;130;01m\n[39;00m[38;5;124m'[39m[38;5;241m*[39m[38;5;241m2[39m)

File [0;32m/Library/Frameworks/Python.framework/Versions/3.11/lib/python3.11/site-packages/pandas/core/indexing.py:1185[0m, in [0;36m_LocationIndexer.__getitem__[0;34m(self, key)[0m
[1;32m   1183[0m     [38;5;28;01mif[39;00m [38;5;28mself[39m[38;5;241m.[39m_is_scalar_access(key):
[1;32m   1184[0m         [38;5;28;01mreturn[39;00m [38;5;28mself[39m[38;5;241m.[39mobj[38;5;241m.[39m_get_value([38;5;241m*[39mkey, takeable[38;5;241m=[39m[38;5;28mself[39m[38;5;241m.[39m_takeable)
[0;32m-> 1185[0m     [38;5;28;01mreturn[39;00m [38;5;28;43mself[39;49m[38;5;241;43m.[39;49m[43m_getitem_tuple[49m[43m([49m[43mkey[49m[43m)[49m
[1;32m   1186[0m [38;5;28;01melse[39;00m:
[1;32m   1187[0m     [38;5;66;03m# we by definition only have the 0th axis[39;00m
[1;32m   1188[0m     axis [38;5;241m=[39m [38;5;28mself[39m[38;5;241m.[39maxis [38;5;129;01mor[39;00m [38;5;241m0[39m

File [0;32m/Library/Frameworks/Python.framework/Versions/3.11/lib/python3.11/site-packages/pandas/core/indexing.py:1369[0m, in [0;36m_LocIndexer._getitem_tuple[0;34m(self, tup)[0m
[1;32m   1367[0m [38;5;28;01mwith[39;00m suppress(IndexingError):
[1;32m   1368[0m     tup [38;5;241m=[39m [38;5;28mself[39m[38;5;241m.[39m_expand_ellipsis(tup)
[0;32m-> 1369[0m     [38;5;28;01mreturn[39;00m [38;5;28;43mself[39;49m[38;5;241;43m.[39;49m[43m_getitem_lowerdim[49m[43m([49m[43mtup[49m[43m)[49m
[1;32m   1371[0m [38;5;66;03m# no multi-index, so validate all of the indexers[39;00m
[1;32m   1372[0m tup [38;5;241m=[39m [38;5;28mself[39m[38;5;241m.[39m_validate_tuple_indexer(tup)

File [0;32m/Library/Frameworks/Python.framework/Versions/3.11/lib/python3.11/site-packages/pandas/core/indexing.py:1042[0m, in [0;36m_LocationIndexer._getitem_lowerdim[0;34m(self, tup)[0m
[1;32m   1040[0m [38;5;66;03m# we may have a nested tuples indexer here[39;00m
[1;32m   1041[0m [38;5;28;01mif[39;00m [38;5;28mself[39m[38;5;241m.[39m_is_nested_tuple_indexer(tup):
[0;32m-> 1042[0m     [38;5;28;01mreturn[39;00m [38;5;28;43mself[39;49m[38;5;241;43m.[39;49m[43m_getitem_nested_tuple[49m[43m([49m[43mtup[49m[43m)[49m
[1;32m   1044[0m [38;5;66;03m# we maybe be using a tuple to represent multiple dimensions here[39;00m
[1;32m   1045[0m ax0 [38;5;241m=[39m [38;5;28mself[39m[38;5;241m.[39mobj[38;5;241m.[39m_get_axis([38;5;241m0[39m)

File [0;32m/Library/Frameworks/Python.framework/Versions/3.11/lib/python3.11/site-packages/pandas/core/indexing.py:1154[0m, in [0;36m_LocationIndexer._getitem_nested_tuple[0;34m(self, tup)[0m
[1;32m   1151[0m     axis [38;5;241m-[39m[38;5;241m=[39m [38;5;241m1[39m
[1;32m   1152[0m     [38;5;28;01mcontinue[39;00m
[0;32m-> 1154[0m obj [38;5;241m=[39m [38;5;28;43mgetattr[39;49m[43m([49m[43mobj[49m[43m,[49m[43m [49m[38;5;28;43mself[39;49m[38;5;241;43m.[39;49m[43mname[49m[43m)[49m[38;5;241;43m.[39;49m[43m_getitem_axis[49m[43m([49m[43mkey[49m[43m,[49m[43m [49m[43maxis[49m[38;5;241;43m=[39;49m[43maxis[49m[43m)[49m
[1;32m   1155[0m axis [38;5;241m-[39m[38;5;241m=[39m [38;5;241m1[39m
[1;32m   1157[0m [38;5;66;03m# if we have a scalar, we are done[39;00m

File [0;32m/Library/Frameworks/Python.framework/Versions/3.11/lib/python3.11/site-packages/pandas/core/indexing.py:1432[0m, in [0;36m_LocIndexer._getitem_axis[0;34m(self, key, axis)[0m
[1;32m   1430[0m [38;5;66;03m# fall thru to straight lookup[39;00m
[1;32m   1431[0m [38;5;28mself[39m[38;5;241m.[39m_validate_key(key, axis)
[0;32m-> 1432[0m [38;5;28;01mreturn[39;00m [38;5;28;43mself[39;49m[38;5;241;43m.[39;49m[43m_get_label[49m[43m([49m[43mkey[49m[43m,[49m[43m [49m[43maxis[49m[38;5;241;43m=[39;49m[43maxis[49m[43m)[49m

File [0;32m/Library/Frameworks/Python.framework/Versions/3.11/lib/python3.11/site-packages/pandas/core/indexing.py:1382[0m, in [0;36m_LocIndexer._get_label[0;34m(self, label, axis)[0m
[1;32m   1380[0m [38;5;28;01mdef[39;00m [38;5;21m_get_label[39m([38;5;28mself[39m, label, axis: AxisInt):
[1;32m   1381[0m     [38;5;66;03m# GH#5567 this will fail if the label is not present in the axis.[39;00m
[0;32m-> 1382[0m     [38;5;28;01mreturn[39;00m [38;5;28;43mself[39;49m[38;5;241;43m.[39;49m[43mobj[49m[38;5;241;43m.[39;49m[43mxs[49m[43m([49m[43mlabel[49m[43m,[49m[43m [49m[43maxis[49m[38;5;241;43m=[39;49m[43maxis[49m[43m)[49m

File [0;32m/Library/Frameworks/Python.framework/Versions/3.11/lib/python3.11/site-packages/pandas/core/generic.py:4287[0m, in [0;36mNDFrame.xs[0;34m(self, key, axis, level, drop_level)[0m
[1;32m   4284[0m     index [38;5;241m=[39m [38;5;28mself[39m[38;5;241m.[39mindex
[1;32m   4286[0m [38;5;28;01mif[39;00m [38;5;28misinstance[39m(index, MultiIndex):
[0;32m-> 4287[0m     loc, new_index [38;5;241m=[39m [43mindex[49m[38;5;241;43m.[39;49m[43m_get_loc_level[49m[43m([49m[43mkey[49m[43m,[49m[43m [49m[43mlevel[49m[38;5;241;43m=[39;49m[38;5;241;43m0[39;49m[43m)[49m
[1;32m   4288[0m     [38;5;28;01mif[39;00m [38;5;129;01mnot[39;00m drop_level:
[1;32m   4289[0m         [38;5;28;01mif[39;00m lib[38;5;241m.[39mis_integer(loc):
[1;32m   4290[0m             [38;5;66;03m# Slice index must be an integer or None[39;00m

File [0;32m/Library/Frameworks/Python.framework/Versions/3.11/lib/python3.11/site-packages/pandas/core/indexes/multi.py:3222[0m, in [0;36mMultiIndex._get_loc_level[0;34m(self, key, level)[0m
[1;32m   3220[0m     [38;5;28;01mreturn[39;00m ([38;5;28mself[39m[38;5;241m.[39m_engine[38;5;241m.[39mget_loc(key), [38;5;28;01mNone[39;00m)
[1;32m   3221[0m [38;5;28;01mexcept[39;00m [38;5;167;01mKeyError[39;00m [38;5;28;01mas[39;00m err:
[0;32m-> 3222[0m     [38;5;28;01mraise[39;00m [38;5;167;01mKeyError[39;00m(key) [38;5;28;01mfrom[39;00m [38;5;21;01merr[39;00m
[1;32m   3223[0m [38;5;28;01mexcept[39;00m [38;5;167;01mTypeError[39;00m:
[1;32m   3224[0m     [38;5;66;03m# e.g. partial string indexing[39;00m
[1;32m   3225[0m     [38;5;66;03m#  test_partial_string_timestamp_multiindex[39;00m
[1;32m   3226[0m     [38;5;28;01mpass[39;00m

[0;31mKeyError[0m: ('row2', 'row2_1')

